// Jest Snapshot v1, https://goo.gl/fbAQLP

exports[`odd_table_names_example:100% entitySchema=false: mysql 1`] = `
[
  "import { Entity, OneToOne, PrimaryKeyProp } from '@mikro-orm/core';
import { E50$37$32of$32stuff } from './E50$37$32of$32stuff';

@Entity({ tableName: '*misc' })
export class E_$42misc {

  [PrimaryKeyProp]?: '@ref';

  @OneToOne({ entity: () => E50$37$32of$32stuff, fieldName: '@ref', primary: true })
  '@ref'!: E50$37$32of$32stuff;

}
",
  "import { Entity, ManyToOne, type Opt, PrimaryKey, PrimaryKeyProp, Property } from '@mikro-orm/core';
import { Table$39s$32name$32has$32apostrophe$44$32also$32$96$32this } from './Table$39s$32name$32has$32apostrophe$44$32also$32$96$32this';

@Entity({ tableName: '123_table_name' })
export class E123TableName {

  [PrimaryKeyProp]?: '$$';

  @PrimaryKey({ fieldName: '$', unsigned: false, autoincrement: false })
  $$!: number;

  @Property({ fieldName: '$$' })
  $$$!: bigint;

  @ManyToOne({ entity: () => Table$39s$32name$32has$32apostrophe$44$32also$32$96$32this, fieldName: 'prototype', index: 'fk_123_table_name_table's name has apostrophe, also\` this_idx' })
  prototype!: Table$39s$32name$32has$32apostrophe$44$32also$32$96$32this;

  @Property({ fieldName: 'load', type: 'string', length: 255 })
  $load: string & Opt = 'test';

  @Property({ fieldName: 'get', length: 255 })
  $get!: string;

  @Property({ fieldName: '$get', length: 200 })
  $$get!: string;

}
",
  "import { Entity, PrimaryKey, PrimaryKeyProp, Property } from '@mikro-orm/core';

@Entity({ tableName: '50% of stuff' })
export class E50$37$32of$32stuff {

  [PrimaryKeyProp]?: '+20%';

  @PrimaryKey({ fieldName: '+-20%' })
  '+20%'!: number;

  @Property({ length: 45 })
  'my@odd.column'!: string;

  @Property({ fieldName: 'column with apostrophe in it's name', length: 45 })
  'columnWithApostropheInIt\\'sName'!: string;

  @Property({ fieldName: 'column with backtick in it\`s name', length: 45 })
  'columnWithBacktickInIt\`sName'!: string;

}
",
  "import { Entity, OneToOne, PrimaryKeyProp } from '@mikro-orm/core';
import { E_$42misc } from './E_$42misc';

@Entity({ tableName: 'this+that' })
export class This$43that {

  [PrimaryKeyProp]?: '80%OfStuff';

  @OneToOne({ entity: () => E_$42misc, fieldName: '80% of stuff', primary: true })
  '80%OfStuff'!: E_$42misc;

}
",
]
`;

exports[`odd_table_names_example:100% entitySchema=true: mysql 1`] = `
[
  "import { EntitySchema, PrimaryKeyProp } from '@mikro-orm/core';
import { E50$37$32of$32stuff } from './E50$37$32of$32stuff';

export class E_$42misc {
  [PrimaryKeyProp]?: '@ref';
  '@ref'!: E50$37$32of$32stuff;
}

export const E_$42miscSchema = new EntitySchema({
  class: E_$42misc,
  tableName: '*misc',
  properties: {
    '@ref': {
      primary: true,
      kind: '1:1',
      entity: () => E50$37$32of$32stuff,
      fieldName: '@ref',
    },
  },
});
",
  "import { EntitySchema, type Opt, PrimaryKeyProp } from '@mikro-orm/core';
import { Table$39s$32name$32has$32apostrophe$44$32also$32$96$32this } from './Table$39s$32name$32has$32apostrophe$44$32also$32$96$32this';

export class E123TableName {
  [PrimaryKeyProp]?: '$$';
  $$!: number;
  $$$!: bigint;
  prototype!: Table$39s$32name$32has$32apostrophe$44$32also$32$96$32this;
  $load: string & Opt = 'test';
  $get!: string;
  $$get!: string;
}

export const E123TableNameSchema = new EntitySchema({
  class: E123TableName,
  tableName: '123_table_name',
  properties: {
    $$: {
      primary: true,
      type: 'number',
      fieldName: '$',
      unsigned: false,
      autoincrement: false,
    },
    $$$: { type: 'bigint', fieldName: '$$' },
    prototype: {
      kind: 'm:1',
      entity: () => Table$39s$32name$32has$32apostrophe$44$32also$32$96$32this,
      fieldName: 'prototype',
      index: 'fk_123_table_name_table's name has apostrophe, also\` this_idx',
    },
    $load: { type: 'string', fieldName: 'load', length: 255 },
    $get: { type: 'string', fieldName: 'get', length: 255 },
    $$get: { type: 'string', fieldName: '$get', length: 200 },
  },
});
",
  "import { EntitySchema, PrimaryKeyProp } from '@mikro-orm/core';

export class E50$37$32of$32stuff {
  [PrimaryKeyProp]?: '+20%';
  '+20%'!: number;
  'my@odd.column'!: string;
  'columnWithApostropheInIt\\'sName'!: string;
  'columnWithBacktickInIt\`sName'!: string;
}

export const E50$37$32of$32stuffSchema = new EntitySchema({
  class: E50$37$32of$32stuff,
  tableName: '50% of stuff',
  properties: {
    '+20%': { primary: true, type: 'number', fieldName: '+-20%' },
    'my@odd.column': { type: 'string', length: 45 },
    'columnWithApostropheInIt\\'sName': { type: 'string', fieldName: 'column with apostrophe in it's name', length: 45 },
    'columnWithBacktickInIt\`sName': { type: 'string', fieldName: 'column with backtick in it\`s name', length: 45 },
  },
});
",
  "import { EntitySchema, PrimaryKeyProp } from '@mikro-orm/core';
import { E_$42misc } from './E_$42misc';

export class This$43that {
  [PrimaryKeyProp]?: '80%OfStuff';
  '80%OfStuff'!: E_$42misc;
}

export const This$43thatSchema = new EntitySchema({
  class: This$43that,
  tableName: 'this+that',
  properties: {
    '80%OfStuff': {
      primary: true,
      kind: '1:1',
      entity: () => E_$42misc,
      fieldName: '80% of stuff',
    },
  },
});
",
]
`;
